/home/isaac_sim/projects/javier.arambarri/robot_import/ws/install/create3/lib/python3.12/site-packages/create3/__init__.py
/home/isaac_sim/projects/javier.arambarri/robot_import/ws/install/create3/lib/python3.12/site-packages/create3/__pycache__/__init__.cpython-312.pyc
/home/isaac_sim/projects/javier.arambarri/robot_import/ws/install/create3/share/ament_index/resource_index/packages/create3
/home/isaac_sim/projects/javier.arambarri/robot_import/ws/install/create3/share/create3/package.xml
/home/isaac_sim/projects/javier.arambarri/robot_import/ws/install/create3/share/create3/launch/xacro.launch.py
/home/isaac_sim/projects/javier.arambarri/robot_import/ws/install/create3/share/create3/urdf/button.urdf.xacro
/home/isaac_sim/projects/javier.arambarri/robot_import/ws/install/create3/share/create3/urdf/caster.urdf.xacro
/home/isaac_sim/projects/javier.arambarri/robot_import/ws/install/create3/share/create3/urdf/wheel_drop.urdf.xacro
/home/isaac_sim/projects/javier.arambarri/robot_import/ws/install/create3/share/create3/urdf/create3.urdf.xacro
/home/isaac_sim/projects/javier.arambarri/robot_import/ws/install/create3/share/create3/urdf/common_properties.urdf.xacro
/home/isaac_sim/projects/javier.arambarri/robot_import/ws/install/create3/share/create3/urdf/wheel.urdf.xacro
/home/isaac_sim/projects/javier.arambarri/robot_import/ws/install/create3/share/create3/urdf/bumper.urdf.xacro
/home/isaac_sim/projects/javier.arambarri/robot_import/ws/install/create3/share/create3/urdf/wheel_with_wheeldrop.urdf.xacro
/home/isaac_sim/projects/javier.arambarri/robot_import/ws/install/create3/share/create3/urdf/sensors/ir_opcode_receivers.urdf.xacro
/home/isaac_sim/projects/javier.arambarri/robot_import/ws/install/create3/share/create3/urdf/sensors/cliff_sensor.urdf.xacro
/home/isaac_sim/projects/javier.arambarri/robot_import/ws/install/create3/share/create3/urdf/sensors/optical_mouse.urdf.xacro
/home/isaac_sim/projects/javier.arambarri/robot_import/ws/install/create3/share/create3/urdf/sensors/imu.urdf.xacro
/home/isaac_sim/projects/javier.arambarri/robot_import/ws/install/create3/share/create3/urdf/sensors/ir_intensity.urdf.xacro
/home/isaac_sim/projects/javier.arambarri/robot_import/ws/install/create3/share/create3/meshes/bumper_collision.dae
/home/isaac_sim/projects/javier.arambarri/robot_import/ws/install/create3/share/create3/meshes/body_visual.dae
/home/isaac_sim/projects/javier.arambarri/robot_import/ws/install/create3/share/create3/meshes/bumper_visual.dae
/home/isaac_sim/projects/javier.arambarri/robot_import/ws/install/create3/share/create3/meshes/dock/visual.dae
/home/isaac_sim/projects/javier.arambarri/robot_import/ws/install/create3/lib/python3.12/site-packages/create3-0.0.0-py3.12.egg-info/SOURCES.txt
/home/isaac_sim/projects/javier.arambarri/robot_import/ws/install/create3/lib/python3.12/site-packages/create3-0.0.0-py3.12.egg-info/zip-safe
/home/isaac_sim/projects/javier.arambarri/robot_import/ws/install/create3/lib/python3.12/site-packages/create3-0.0.0-py3.12.egg-info/PKG-INFO
/home/isaac_sim/projects/javier.arambarri/robot_import/ws/install/create3/lib/python3.12/site-packages/create3-0.0.0-py3.12.egg-info/requires.txt
/home/isaac_sim/projects/javier.arambarri/robot_import/ws/install/create3/lib/python3.12/site-packages/create3-0.0.0-py3.12.egg-info/top_level.txt
/home/isaac_sim/projects/javier.arambarri/robot_import/ws/install/create3/lib/python3.12/site-packages/create3-0.0.0-py3.12.egg-info/dependency_links.txt
